Fn at 1:1
Identifier(add) at 1:4
LeftParen at 1:7
Identifier(x) at 1:8
Colon at 1:9
I32 at 1:11
Comma at 1:14
Identifier(y) at 1:16
Colon at 1:17
I32 at 1:19
RightParen at 1:22
Arrow at 1:24
I32 at 1:27
LeftBrace at 1:31
Return at 2:5
Identifier(x) at 2:12
Plus at 2:14
Identifier(y) at 2:16
Semicolon at 2:17
RightBrace at 3:1
EndOfFile at 4:1
